// Jest Snapshot v1, https://goo.gl/fbAQLP

exports[`should render EditExpensePage corrently 1`] = `
<div>
  <ExpenseForm
    expense={
      Object {
        "amount": 195,
        "createAt": -345600000,
        "description": "Guom",
        "id": "1",
        "note": "",
      }
    }
    onSubmit={[Function]}
  />
  <button
    onClick={[Function]}
  >
    Remove
  </button>
</div>
`;
