// Jest Snapshot v1, https://goo.gl/fbAQLP

exports[`should render ExpenseList with empty expenses 1`] = `
<div>
  <p>
    No Expenses
  </p>
</div>
`;

exports[`should render ExpenseList with expenses 1`] = `
<div>
  <ExpenseListItem
    amount={195}
    createAt={-345600000}
    description="Guom"
    id="1"
    key="1"
    note=""
  />
  <ExpenseListItem
    amount={20000}
    createAt={345600000}
    description="Rent"
    id="2"
    key="2"
    note=""
  />
  <ExpenseListItem
    amount={4000}
    createAt={"1970-01-01T00:00:00.000Z"}
    description="Coffee"
    id="3"
    key="3"
    note=""
  />
</div>
`;
